// Jest Snapshot v1, https://goo.gl/fbAQLP

exports[`Demo default 1`] = `
<div>
  <section>
    <h2>
      OpenCloseIcon
    </h2>
     
    <div>
      <svg
        class="icon"
        style="transform: rotate(0); fill: currentColor; stroke: currentColor; user-select: none;"
        viewBox="0 0 64 64"
        xmlns="http://www.w3.org/2000/svg"
        xmlns:xlink="http://www.w3.org/1999/xlink"
      >
        <g
          fill="white"
        >
          <circle
            cx="32"
            cy="32"
            r="32"
          />
        </g>
         
        <g
          stroke=""
          stroke-linecap="round"
          stroke-width="4"
        >
          <path
            d="M 32 20 32 44"
            style="transform-origin: 50% 50%; transition: all 0.5s;"
          />
           
          <path
            d="M 20 32 44 32"
            style="transform-origin: 50% 50%; transition: all 0.5s;"
          />
        </g>
      </svg>
      <svg
        class="icon"
        style="transform: rotate(45deg); fill: currentColor; stroke: currentColor; user-select: none;"
        viewBox="0 0 64 64"
        xmlns="http://www.w3.org/2000/svg"
        xmlns:xlink="http://www.w3.org/1999/xlink"
      >
        <g
          fill=""
        >
          <circle
            cx="32"
            cy="32"
            r="32"
          />
        </g>
         
        <g
          stroke="white"
          stroke-linecap="round"
          stroke-width="4"
        >
          <path
            d="M 32 20 32 44"
            style="transform-origin: 50% 50%; transition: all 1s;"
          />
           
          <path
            d="M 20 32 44 32"
            style="transform-origin: 50% 50%; transition: all 1s;"
          />
        </g>
      </svg>
      <svg
        class="icon red"
        style="transform: rotate(180deg); fill: currentColor; stroke: currentColor; user-select: none;"
        viewBox="0 0 64 64"
        xmlns="http://www.w3.org/2000/svg"
        xmlns:xlink="http://www.w3.org/1999/xlink"
      >
        <g
          fill="white"
        >
          <circle
            cx="32"
            cy="32"
            r="32"
          />
        </g>
         
        <g
          stroke=""
          stroke-linecap="round"
          stroke-width="4"
        >
          <path
            d="M 32 20 32 44"
            style="transform-origin: 50% 50%; transition: all 0.5s;"
          />
           
          <path
            d="M 20 32 44 32"
            style="transform-origin: 50% 50%; transition: all 0.5s;"
          />
        </g>
      </svg>
      <svg
        class="icon red"
        style="transform: rotate(180deg); fill: currentColor; stroke: currentColor; user-select: none;"
        viewBox="0 0 64 64"
        xmlns="http://www.w3.org/2000/svg"
        xmlns:xlink="http://www.w3.org/1999/xlink"
      >
        <g
          fill=""
        >
          <rect
            height="64"
            rx="6"
            ry="6"
            width="64"
            x="0"
            y="0"
          />
        </g>
         
        <g
          stroke="white"
          stroke-linecap="round"
          stroke-width="4"
        >
          <path
            d="M 32 20 32 44"
            style="transform-origin: 50% 50%; transition: all 0.5s;"
          />
           
          <path
            d="M 20 32 44 32"
            style="transform-origin: 50% 50%; transition: all 0.5s;"
          />
        </g>
      </svg>
      <svg
        class="icon green"
        style="transform: rotate(0); fill: currentColor; stroke: currentColor; user-select: none;"
        viewBox="0 0 64 64"
        xmlns="http://www.w3.org/2000/svg"
        xmlns:xlink="http://www.w3.org/1999/xlink"
      >
        <g
          fill="white"
        >
          <rect
            height="64"
            rx="6"
            ry="6"
            width="64"
            x="0"
            y="0"
          />
        </g>
         
        <g
          stroke=""
          stroke-linecap="round"
          stroke-width="4"
        >
          <path
            d="M 32 20 32 44"
            style="transform-origin: 50% 50%; transition: all 0.5s;"
          />
           
          <path
            d="M 20 32 44 32"
            style="transform-origin: 50% 50%; transition: all 0.5s;"
          />
        </g>
      </svg>
      <svg
        class="icon green"
        style="transform: rotate(-45deg); fill: currentColor; stroke: currentColor; user-select: none;"
        viewBox="0 0 64 64"
        xmlns="http://www.w3.org/2000/svg"
        xmlns:xlink="http://www.w3.org/1999/xlink"
      >
        <g
          fill=""
        >
          <rect
            height="64"
            rx="6"
            ry="6"
            width="64"
            x="0"
            y="0"
          />
        </g>
         
        <g
          stroke="white"
          stroke-linecap="round"
          stroke-width="4"
        >
          <path
            d="M 32 20 32 44"
            style="transform-origin: 50% 50%; transition: all 0.5s;"
          />
           
          <path
            d="M 20 32 44 32"
            style="transform-origin: 50% 50%; transition: all 0.5s;"
          />
        </g>
      </svg>
    </div>
  </section>
   
  <section>
    <h2>
      HamburgerArrowIcon
    </h2>
     
    <div>
      <svg
        class="icon"
        style="transform: rotate(0); fill: currentColor; stroke: currentColor; user-select: none;"
        viewBox="0 0 64 64"
        xmlns="http://www.w3.org/2000/svg"
        xmlns:xlink="http://www.w3.org/1999/xlink"
      >
        <g
          fill="white"
        >
          <circle
            cx="32"
            cy="32"
            r="32"
          />
        </g>
         
        <g
          stroke=""
          stroke-linecap="round"
          stroke-width="4"
        >
          <path
            d="M 20 20 44 20"
            style="transform-origin: 50% 50%; transition: all 0.5s;"
          />
          <path
            d="M 20 32 44 32"
            style="transform-origin: 50% 50%; transition: all 0.5s;"
          />
          <path
            d="M 20 44 44 44"
            style="transform-origin: 50% 50%; transition: all 0.5s;"
          />
        </g>
      </svg>
      <svg
        class="icon"
        style="transform: rotate(45deg); fill: currentColor; stroke: currentColor; user-select: none;"
        viewBox="0 0 64 64"
        xmlns="http://www.w3.org/2000/svg"
        xmlns:xlink="http://www.w3.org/1999/xlink"
      >
        <g
          fill=""
        >
          <circle
            cx="32"
            cy="32"
            r="32"
          />
        </g>
         
        <g
          stroke="white"
          stroke-linecap="round"
          stroke-width="4"
        >
          <path
            d="M 20 20 44 20"
            style="transform-origin: 50% 50%; transition: all 1s;"
          />
          <path
            d="M 20 32 44 32"
            style="transform-origin: 50% 50%; transition: all 1s;"
          />
          <path
            d="M 20 44 44 44"
            style="transform-origin: 50% 50%; transition: all 1s;"
          />
        </g>
      </svg>
      <svg
        class="icon red"
        style="transform: rotate(180deg); fill: currentColor; stroke: currentColor; user-select: none;"
        viewBox="0 0 64 64"
        xmlns="http://www.w3.org/2000/svg"
        xmlns:xlink="http://www.w3.org/1999/xlink"
      >
        <g
          fill="white"
        >
          <circle
            cx="32"
            cy="32"
            r="32"
          />
        </g>
         
        <g
          stroke=""
          stroke-linecap="round"
          stroke-width="4"
        >
          <path
            d="M 20 20 44 20"
            style="transform-origin: 50% 50%; transition: all 0.5s;"
          />
          <path
            d="M 20 32 44 32"
            style="transform-origin: 50% 50%; transition: all 0.5s;"
          />
          <path
            d="M 20 44 44 44"
            style="transform-origin: 50% 50%; transition: all 0.5s;"
          />
        </g>
      </svg>
      <svg
        class="icon red"
        style="transform: rotate(180deg); fill: currentColor; stroke: currentColor; user-select: none;"
        viewBox="0 0 64 64"
        xmlns="http://www.w3.org/2000/svg"
        xmlns:xlink="http://www.w3.org/1999/xlink"
      >
        <g
          fill=""
        >
          <rect
            height="64"
            rx="6"
            ry="6"
            width="64"
            x="0"
            y="0"
          />
        </g>
         
        <g
          stroke="white"
          stroke-linecap="round"
          stroke-width="4"
        >
          <path
            d="M 20 20 44 20"
            style="transform-origin: 50% 50%; transition: all 0.5s;"
          />
          <path
            d="M 20 32 44 32"
            style="transform-origin: 50% 50%; transition: all 0.5s;"
          />
          <path
            d="M 20 44 44 44"
            style="transform-origin: 50% 50%; transition: all 0.5s;"
          />
        </g>
      </svg>
      <svg
        class="icon green"
        style="transform: rotate(0); fill: currentColor; stroke: currentColor; user-select: none;"
        viewBox="0 0 64 64"
        xmlns="http://www.w3.org/2000/svg"
        xmlns:xlink="http://www.w3.org/1999/xlink"
      >
        <g
          fill="white"
        >
          <rect
            height="64"
            rx="6"
            ry="6"
            width="64"
            x="0"
            y="0"
          />
        </g>
         
        <g
          stroke=""
          stroke-linecap="round"
          stroke-width="4"
        >
          <path
            d="M 20 20 44 20"
            style="transform-origin: 50% 50%; transition: all 0.5s;"
          />
          <path
            d="M 20 32 44 32"
            style="transform-origin: 50% 50%; transition: all 0.5s;"
          />
          <path
            d="M 20 44 44 44"
            style="transform-origin: 50% 50%; transition: all 0.5s;"
          />
        </g>
      </svg>
      <svg
        class="icon green"
        style="transform: rotate(-45deg); fill: currentColor; stroke: currentColor; user-select: none;"
        viewBox="0 0 64 64"
        xmlns="http://www.w3.org/2000/svg"
        xmlns:xlink="http://www.w3.org/1999/xlink"
      >
        <g
          fill=""
        >
          <rect
            height="64"
            rx="6"
            ry="6"
            width="64"
            x="0"
            y="0"
          />
        </g>
         
        <g
          stroke="white"
          stroke-linecap="round"
          stroke-width="4"
        >
          <path
            d="M 20 20 44 20"
            style="transform-origin: 50% 50%; transition: all 0.5s;"
          />
          <path
            d="M 20 32 44 32"
            style="transform-origin: 50% 50%; transition: all 0.5s;"
          />
          <path
            d="M 20 44 44 44"
            style="transform-origin: 50% 50%; transition: all 0.5s;"
          />
        </g>
      </svg>
    </div>
  </section>
   
  <section>
    <h2>
      HamburgerCloseIcon
    </h2>
     
    <div>
      <svg
        class="icon"
        style="transform: rotate(0); fill: currentColor; stroke: currentColor; user-select: none;"
        viewBox="0 0 64 64"
        xmlns="http://www.w3.org/2000/svg"
        xmlns:xlink="http://www.w3.org/1999/xlink"
      >
        <g
          fill="white"
        >
          <circle
            cx="32"
            cy="32"
            r="32"
          />
        </g>
         
        <g
          stroke=""
          stroke-linecap="round"
          stroke-width="4"
        >
          <path
            d="M 20 20 44 20"
            style="transform-origin: 50% 50%; transition: all 0.5s;"
          />
          <path
            d="M 20 32 44 32"
            style="transform-origin: 50% 50%; transition: all 0.5s;"
          />
          <path
            d="M 20 44 44 44"
            style="transform-origin: 50% 50%; transition: all 0.5s;"
          />
        </g>
      </svg>
      <svg
        class="icon"
        style="transform: rotate(45deg); fill: currentColor; stroke: currentColor; user-select: none;"
        viewBox="0 0 64 64"
        xmlns="http://www.w3.org/2000/svg"
        xmlns:xlink="http://www.w3.org/1999/xlink"
      >
        <g
          fill=""
        >
          <circle
            cx="32"
            cy="32"
            r="32"
          />
        </g>
         
        <g
          stroke="white"
          stroke-linecap="round"
          stroke-width="4"
        >
          <path
            d="M 20 20 44 20"
            style="transform-origin: 50% 50%; transition: all 1s;"
          />
          <path
            d="M 20 32 44 32"
            style="transform-origin: 50% 50%; transition: all 1s;"
          />
          <path
            d="M 20 44 44 44"
            style="transform-origin: 50% 50%; transition: all 1s;"
          />
        </g>
      </svg>
      <svg
        class="icon red"
        style="transform: rotate(180deg); fill: currentColor; stroke: currentColor; user-select: none;"
        viewBox="0 0 64 64"
        xmlns="http://www.w3.org/2000/svg"
        xmlns:xlink="http://www.w3.org/1999/xlink"
      >
        <g
          fill="white"
        >
          <circle
            cx="32"
            cy="32"
            r="32"
          />
        </g>
         
        <g
          stroke=""
          stroke-linecap="round"
          stroke-width="4"
        >
          <path
            d="M 20 20 44 20"
            style="transform-origin: 50% 50%; transition: all 0.5s;"
          />
          <path
            d="M 20 32 44 32"
            style="transform-origin: 50% 50%; transition: all 0.5s;"
          />
          <path
            d="M 20 44 44 44"
            style="transform-origin: 50% 50%; transition: all 0.5s;"
          />
        </g>
      </svg>
      <svg
        class="icon red"
        style="transform: rotate(180deg); fill: currentColor; stroke: currentColor; user-select: none;"
        viewBox="0 0 64 64"
        xmlns="http://www.w3.org/2000/svg"
        xmlns:xlink="http://www.w3.org/1999/xlink"
      >
        <g
          fill=""
        >
          <rect
            height="64"
            rx="6"
            ry="6"
            width="64"
            x="0"
            y="0"
          />
        </g>
         
        <g
          stroke="white"
          stroke-linecap="round"
          stroke-width="4"
        >
          <path
            d="M 20 20 44 20"
            style="transform-origin: 50% 50%; transition: all 0.5s;"
          />
          <path
            d="M 20 32 44 32"
            style="transform-origin: 50% 50%; transition: all 0.5s;"
          />
          <path
            d="M 20 44 44 44"
            style="transform-origin: 50% 50%; transition: all 0.5s;"
          />
        </g>
      </svg>
      <svg
        class="icon green"
        style="transform: rotate(0); fill: currentColor; stroke: currentColor; user-select: none;"
        viewBox="0 0 64 64"
        xmlns="http://www.w3.org/2000/svg"
        xmlns:xlink="http://www.w3.org/1999/xlink"
      >
        <g
          fill="white"
        >
          <rect
            height="64"
            rx="6"
            ry="6"
            width="64"
            x="0"
            y="0"
          />
        </g>
         
        <g
          stroke=""
          stroke-linecap="round"
          stroke-width="4"
        >
          <path
            d="M 20 20 44 20"
            style="transform-origin: 50% 50%; transition: all 0.5s;"
          />
          <path
            d="M 20 32 44 32"
            style="transform-origin: 50% 50%; transition: all 0.5s;"
          />
          <path
            d="M 20 44 44 44"
            style="transform-origin: 50% 50%; transition: all 0.5s;"
          />
        </g>
      </svg>
      <svg
        class="icon green"
        style="transform: rotate(-45deg); fill: currentColor; stroke: currentColor; user-select: none;"
        viewBox="0 0 64 64"
        xmlns="http://www.w3.org/2000/svg"
        xmlns:xlink="http://www.w3.org/1999/xlink"
      >
        <g
          fill=""
        >
          <rect
            height="64"
            rx="6"
            ry="6"
            width="64"
            x="0"
            y="0"
          />
        </g>
         
        <g
          stroke="white"
          stroke-linecap="round"
          stroke-width="4"
        >
          <path
            d="M 20 20 44 20"
            style="transform-origin: 50% 50%; transition: all 0.5s;"
          />
          <path
            d="M 20 32 44 32"
            style="transform-origin: 50% 50%; transition: all 0.5s;"
          />
          <path
            d="M 20 44 44 44"
            style="transform-origin: 50% 50%; transition: all 0.5s;"
          />
        </g>
      </svg>
    </div>
  </section>
   
  <section>
    <h2>
      KebabCloseIcon
    </h2>
     
    <div>
      <svg
        class="icon"
        style="transform: rotate(0); fill: currentColor; stroke: currentColor; user-select: none;"
        viewBox="0 0 64 64"
        xmlns="http://www.w3.org/2000/svg"
        xmlns:xlink="http://www.w3.org/1999/xlink"
      >
        <g
          fill="white"
        >
          <circle
            cx="32"
            cy="32"
            r="32"
          />
        </g>
         
        <g
          fill=""
          style="transform-origin: 50% 50%; transition: all 0.5s;"
        >
          <circle
            cx="32"
            cy="18"
            r="4"
          />
           
          <circle
            cx="32"
            cy="32"
            r="4"
          />
           
          <circle
            cx="32"
            cy="46"
            r="4"
          />
        </g>
         
        <g
          stroke=""
          stroke-linecap="round"
          stroke-width="4"
          style="transform-origin: 50% 50%; transition: all 0.5s; transform: scaleX(0);"
        >
          <path
            d="M 20 32 44 32"
          />
        </g>
      </svg>
      <svg
        class="icon"
        style="transform: rotate(45deg); fill: currentColor; stroke: currentColor; user-select: none;"
        viewBox="0 0 64 64"
        xmlns="http://www.w3.org/2000/svg"
        xmlns:xlink="http://www.w3.org/1999/xlink"
      >
        <g
          fill=""
        >
          <circle
            cx="32"
            cy="32"
            r="32"
          />
        </g>
         
        <g
          fill="white"
          style="transform-origin: 50% 50%; transition: all 1s;"
        >
          <circle
            cx="32"
            cy="18"
            r="4"
          />
           
          <circle
            cx="32"
            cy="32"
            r="4"
          />
           
          <circle
            cx="32"
            cy="46"
            r="4"
          />
        </g>
         
        <g
          stroke="white"
          stroke-linecap="round"
          stroke-width="4"
          style="transform-origin: 50% 50%; transition: all 1s; transform: scaleX(0);"
        >
          <path
            d="M 20 32 44 32"
          />
        </g>
      </svg>
      <svg
        class="icon red"
        style="transform: rotate(180deg); fill: currentColor; stroke: currentColor; user-select: none;"
        viewBox="0 0 64 64"
        xmlns="http://www.w3.org/2000/svg"
        xmlns:xlink="http://www.w3.org/1999/xlink"
      >
        <g
          fill="white"
        >
          <circle
            cx="32"
            cy="32"
            r="32"
          />
        </g>
         
        <g
          fill=""
          style="transform-origin: 50% 50%; transition: all 0.5s;"
        >
          <circle
            cx="32"
            cy="18"
            r="4"
          />
           
          <circle
            cx="32"
            cy="32"
            r="4"
          />
           
          <circle
            cx="32"
            cy="46"
            r="4"
          />
        </g>
         
        <g
          stroke=""
          stroke-linecap="round"
          stroke-width="4"
          style="transform-origin: 50% 50%; transition: all 0.5s; transform: scaleX(0);"
        >
          <path
            d="M 20 32 44 32"
          />
        </g>
      </svg>
      <svg
        class="icon red"
        style="transform: rotate(180deg); fill: currentColor; stroke: currentColor; user-select: none;"
        viewBox="0 0 64 64"
        xmlns="http://www.w3.org/2000/svg"
        xmlns:xlink="http://www.w3.org/1999/xlink"
      >
        <g
          fill=""
        >
          <rect
            height="64"
            rx="6"
            ry="6"
            width="64"
            x="0"
            y="0"
          />
        </g>
         
        <g
          fill="white"
          style="transform-origin: 50% 50%; transition: all 0.5s;"
        >
          <circle
            cx="32"
            cy="18"
            r="4"
          />
           
          <circle
            cx="32"
            cy="32"
            r="4"
          />
           
          <circle
            cx="32"
            cy="46"
            r="4"
          />
        </g>
         
        <g
          stroke="white"
          stroke-linecap="round"
          stroke-width="4"
          style="transform-origin: 50% 50%; transition: all 0.5s; transform: scaleX(0);"
        >
          <path
            d="M 20 32 44 32"
          />
        </g>
      </svg>
      <svg
        class="icon green"
        style="transform: rotate(0); fill: currentColor; stroke: currentColor; user-select: none;"
        viewBox="0 0 64 64"
        xmlns="http://www.w3.org/2000/svg"
        xmlns:xlink="http://www.w3.org/1999/xlink"
      >
        <g
          fill="white"
        >
          <rect
            height="64"
            rx="6"
            ry="6"
            width="64"
            x="0"
            y="0"
          />
        </g>
         
        <g
          fill=""
          style="transform-origin: 50% 50%; transition: all 0.5s;"
        >
          <circle
            cx="32"
            cy="18"
            r="4"
          />
           
          <circle
            cx="32"
            cy="32"
            r="4"
          />
           
          <circle
            cx="32"
            cy="46"
            r="4"
          />
        </g>
         
        <g
          stroke=""
          stroke-linecap="round"
          stroke-width="4"
          style="transform-origin: 50% 50%; transition: all 0.5s; transform: scaleX(0);"
        >
          <path
            d="M 20 32 44 32"
          />
        </g>
      </svg>
      <svg
        class="icon green"
        style="transform: rotate(-45deg); fill: currentColor; stroke: currentColor; user-select: none;"
        viewBox="0 0 64 64"
        xmlns="http://www.w3.org/2000/svg"
        xmlns:xlink="http://www.w3.org/1999/xlink"
      >
        <g
          fill=""
        >
          <rect
            height="64"
            rx="6"
            ry="6"
            width="64"
            x="0"
            y="0"
          />
        </g>
         
        <g
          fill="white"
          style="transform-origin: 50% 50%; transition: all 0.5s;"
        >
          <circle
            cx="32"
            cy="18"
            r="4"
          />
           
          <circle
            cx="32"
            cy="32"
            r="4"
          />
           
          <circle
            cx="32"
            cy="46"
            r="4"
          />
        </g>
         
        <g
          stroke="white"
          stroke-linecap="round"
          stroke-width="4"
          style="transform-origin: 50% 50%; transition: all 0.5s; transform: scaleX(0);"
        >
          <path
            d="M 20 32 44 32"
          />
        </g>
      </svg>
    </div>
  </section>
   
  <section>
    <h2>
      DirectionArrowIcon
    </h2>
     
    <div>
      <svg
        class="icon"
        style="transform: rotate(0); fill: currentColor; stroke: currentColor; user-select: none;"
        viewBox="0 0 64 64"
        xmlns="http://www.w3.org/2000/svg"
        xmlns:xlink="http://www.w3.org/1999/xlink"
      >
        <g
          fill="white"
        >
          <circle
            cx="32"
            cy="32"
            r="32"
          />
        </g>
         
        <g
          stroke=""
          stroke-linecap="round"
          stroke-width="4"
        >
          <path
            d="M 20 20 44 20"
            style="transform-origin: 50% 50%; transition: all 0.5s; transform: rotate(45deg) scaleX(-1);"
          />
          <path
            d="M 20 32 44 32"
            style="transform-origin: 50% 50%; transition: all 0.5s; transform: rotate(90deg);"
          />
          <path
            d="M 20 44 44 44"
            style="transform-origin: 50% 50%; transition: all 0.5s; transform: rotate(-45deg) scaleY(-1);"
          />
        </g>
      </svg>
      <svg
        class="icon"
        style="transform: rotate(45deg); fill: currentColor; stroke: currentColor; user-select: none;"
        viewBox="0 0 64 64"
        xmlns="http://www.w3.org/2000/svg"
        xmlns:xlink="http://www.w3.org/1999/xlink"
      >
        <g
          fill=""
        >
          <circle
            cx="32"
            cy="32"
            r="32"
          />
        </g>
         
        <g
          stroke="white"
          stroke-linecap="round"
          stroke-width="4"
        >
          <path
            d="M 20 20 44 20"
            style="transform-origin: 50% 50%; transition: all 1s; transform: rotate(45deg) scaleX(-1);"
          />
          <path
            d="M 20 32 44 32"
            style="transform-origin: 50% 50%; transition: all 1s; transform: rotate(90deg);"
          />
          <path
            d="M 20 44 44 44"
            style="transform-origin: 50% 50%; transition: all 1s; transform: rotate(-45deg) scaleY(-1);"
          />
        </g>
      </svg>
      <svg
        class="icon red"
        style="transform: rotate(180deg); fill: currentColor; stroke: currentColor; user-select: none;"
        viewBox="0 0 64 64"
        xmlns="http://www.w3.org/2000/svg"
        xmlns:xlink="http://www.w3.org/1999/xlink"
      >
        <g
          fill="white"
        >
          <circle
            cx="32"
            cy="32"
            r="32"
          />
        </g>
         
        <g
          stroke=""
          stroke-linecap="round"
          stroke-width="4"
        >
          <path
            d="M 20 20 44 20"
            style="transform-origin: 50% 50%; transition: all 0.5s; transform: rotate(45deg) scaleX(-1);"
          />
          <path
            d="M 20 32 44 32"
            style="transform-origin: 50% 50%; transition: all 0.5s; transform: rotate(90deg);"
          />
          <path
            d="M 20 44 44 44"
            style="transform-origin: 50% 50%; transition: all 0.5s; transform: rotate(-45deg) scaleY(-1);"
          />
        </g>
      </svg>
      <svg
        class="icon red"
        style="transform: rotate(180deg); fill: currentColor; stroke: currentColor; user-select: none;"
        viewBox="0 0 64 64"
        xmlns="http://www.w3.org/2000/svg"
        xmlns:xlink="http://www.w3.org/1999/xlink"
      >
        <g
          fill=""
        >
          <rect
            height="64"
            rx="6"
            ry="6"
            width="64"
            x="0"
            y="0"
          />
        </g>
         
        <g
          stroke="white"
          stroke-linecap="round"
          stroke-width="4"
        >
          <path
            d="M 20 20 44 20"
            style="transform-origin: 50% 50%; transition: all 0.5s; transform: rotate(45deg) scaleX(-1);"
          />
          <path
            d="M 20 32 44 32"
            style="transform-origin: 50% 50%; transition: all 0.5s; transform: rotate(90deg);"
          />
          <path
            d="M 20 44 44 44"
            style="transform-origin: 50% 50%; transition: all 0.5s; transform: rotate(-45deg) scaleY(-1);"
          />
        </g>
      </svg>
      <svg
        class="icon green"
        style="transform: rotate(0); fill: currentColor; stroke: currentColor; user-select: none;"
        viewBox="0 0 64 64"
        xmlns="http://www.w3.org/2000/svg"
        xmlns:xlink="http://www.w3.org/1999/xlink"
      >
        <g
          fill="white"
        >
          <rect
            height="64"
            rx="6"
            ry="6"
            width="64"
            x="0"
            y="0"
          />
        </g>
         
        <g
          stroke=""
          stroke-linecap="round"
          stroke-width="4"
        >
          <path
            d="M 20 20 44 20"
            style="transform-origin: 50% 50%; transition: all 0.5s; transform: rotate(45deg) scaleX(-1);"
          />
          <path
            d="M 20 32 44 32"
            style="transform-origin: 50% 50%; transition: all 0.5s; transform: rotate(90deg);"
          />
          <path
            d="M 20 44 44 44"
            style="transform-origin: 50% 50%; transition: all 0.5s; transform: rotate(-45deg) scaleY(-1);"
          />
        </g>
      </svg>
      <svg
        class="icon green"
        style="transform: rotate(-45deg); fill: currentColor; stroke: currentColor; user-select: none;"
        viewBox="0 0 64 64"
        xmlns="http://www.w3.org/2000/svg"
        xmlns:xlink="http://www.w3.org/1999/xlink"
      >
        <g
          fill=""
        >
          <rect
            height="64"
            rx="6"
            ry="6"
            width="64"
            x="0"
            y="0"
          />
        </g>
         
        <g
          stroke="white"
          stroke-linecap="round"
          stroke-width="4"
        >
          <path
            d="M 20 20 44 20"
            style="transform-origin: 50% 50%; transition: all 0.5s; transform: rotate(45deg) scaleX(-1);"
          />
          <path
            d="M 20 32 44 32"
            style="transform-origin: 50% 50%; transition: all 0.5s; transform: rotate(90deg);"
          />
          <path
            d="M 20 44 44 44"
            style="transform-origin: 50% 50%; transition: all 0.5s; transform: rotate(-45deg) scaleY(-1);"
          />
        </g>
      </svg>
    </div>
  </section>
   
  <section>
    <h2>
      CheckIcon
    </h2>
     
    <div>
      <svg
        class="icon"
        style="transform: rotate(0); fill: currentColor; stroke: currentColor; user-select: none;"
        viewBox="0 0 64 64"
        xmlns="http://www.w3.org/2000/svg"
        xmlns:xlink="http://www.w3.org/1999/xlink"
      >
        <g
          fill="white"
        >
          <circle
            cx="32"
            cy="32"
            r="32"
          />
        </g>
         
        <g
          fill="none"
          stroke=""
          stroke-linecap="round"
          stroke-width="6"
        >
          <path
            d="M 16 32 28 44 50 22"
            style="transform-origin: 50% 50%; transition: all 0.5s; transform: scale(1);"
          />
        </g>
      </svg>
      <svg
        class="icon"
        style="transform: rotate(45deg); fill: currentColor; stroke: currentColor; user-select: none;"
        viewBox="0 0 64 64"
        xmlns="http://www.w3.org/2000/svg"
        xmlns:xlink="http://www.w3.org/1999/xlink"
      >
        <g
          fill=""
        >
          <circle
            cx="32"
            cy="32"
            r="32"
          />
        </g>
         
        <g
          fill="none"
          stroke="white"
          stroke-linecap="round"
          stroke-width="6"
        >
          <path
            d="M 16 32 28 44 50 22"
            style="transform-origin: 50% 50%; transition: all 1s; transform: scale(1);"
          />
        </g>
      </svg>
      <svg
        class="icon red"
        style="transform: rotate(180deg); fill: currentColor; stroke: currentColor; user-select: none;"
        viewBox="0 0 64 64"
        xmlns="http://www.w3.org/2000/svg"
        xmlns:xlink="http://www.w3.org/1999/xlink"
      >
        <g
          fill="white"
        >
          <circle
            cx="32"
            cy="32"
            r="32"
          />
        </g>
         
        <g
          fill="none"
          stroke=""
          stroke-linecap="round"
          stroke-width="6"
        >
          <path
            d="M 16 32 28 44 50 22"
            style="transform-origin: 50% 50%; transition: all 0.5s; transform: scale(1);"
          />
        </g>
      </svg>
      <svg
        class="icon red"
        style="transform: rotate(180deg); fill: currentColor; stroke: currentColor; user-select: none;"
        viewBox="0 0 64 64"
        xmlns="http://www.w3.org/2000/svg"
        xmlns:xlink="http://www.w3.org/1999/xlink"
      >
        <g
          fill=""
        >
          <rect
            height="64"
            rx="6"
            ry="6"
            width="64"
            x="0"
            y="0"
          />
        </g>
         
        <g
          fill="none"
          stroke="white"
          stroke-linecap="round"
          stroke-width="6"
        >
          <path
            d="M 16 32 28 44 50 22"
            style="transform-origin: 50% 50%; transition: all 0.5s; transform: scale(1);"
          />
        </g>
      </svg>
      <svg
        class="icon green"
        style="transform: rotate(0); fill: currentColor; stroke: currentColor; user-select: none;"
        viewBox="0 0 64 64"
        xmlns="http://www.w3.org/2000/svg"
        xmlns:xlink="http://www.w3.org/1999/xlink"
      >
        <g
          fill="white"
        >
          <rect
            height="64"
            rx="6"
            ry="6"
            width="64"
            x="0"
            y="0"
          />
        </g>
         
        <g
          fill="none"
          stroke=""
          stroke-linecap="round"
          stroke-width="6"
        >
          <path
            d="M 16 32 28 44 50 22"
            style="transform-origin: 50% 50%; transition: all 0.5s; transform: scale(1);"
          />
        </g>
      </svg>
      <svg
        class="icon green"
        style="transform: rotate(-45deg); fill: currentColor; stroke: currentColor; user-select: none;"
        viewBox="0 0 64 64"
        xmlns="http://www.w3.org/2000/svg"
        xmlns:xlink="http://www.w3.org/1999/xlink"
      >
        <g
          fill=""
        >
          <rect
            height="64"
            rx="6"
            ry="6"
            width="64"
            x="0"
            y="0"
          />
        </g>
         
        <g
          fill="none"
          stroke="white"
          stroke-linecap="round"
          stroke-width="6"
        >
          <path
            d="M 16 32 28 44 50 22"
            style="transform-origin: 50% 50%; transition: all 0.5s; transform: scale(1);"
          />
        </g>
      </svg>
    </div>
  </section>
   
  <section>
    <h2>
      CheckShapeIcon
    </h2>
     
    <div>
      <svg
        class="icon"
        style="transform: rotate(0); fill: currentColor; stroke: currentColor; user-select: none;"
        viewBox="0 0 64 64"
        xmlns="http://www.w3.org/2000/svg"
        xmlns:xlink="http://www.w3.org/1999/xlink"
      >
        <g
          fill="white"
        >
          <circle
            cx="32"
            cy="32"
            r="32"
          />
        </g>
         
        <g
          fill=""
          style="transform-origin: 50% 50%; transition: all 0.5s; transform: scale(0.6);"
        >
          <circle
            cx="32"
            cy="32"
            r="32"
          />
        </g>
      </svg>
      <svg
        class="icon"
        style="transform: rotate(45deg); fill: currentColor; stroke: currentColor; user-select: none;"
        viewBox="0 0 64 64"
        xmlns="http://www.w3.org/2000/svg"
        xmlns:xlink="http://www.w3.org/1999/xlink"
      >
        <g
          fill=""
        >
          <circle
            cx="32"
            cy="32"
            r="32"
          />
        </g>
         
        <g
          fill="white"
          style="transform-origin: 50% 50%; transition: all 1s; transform: scale(0.6);"
        >
          <circle
            cx="32"
            cy="32"
            r="32"
          />
        </g>
      </svg>
      <svg
        class="icon red"
        style="transform: rotate(180deg); fill: currentColor; stroke: currentColor; user-select: none;"
        viewBox="0 0 64 64"
        xmlns="http://www.w3.org/2000/svg"
        xmlns:xlink="http://www.w3.org/1999/xlink"
      >
        <g
          fill="white"
        >
          <circle
            cx="32"
            cy="32"
            r="32"
          />
        </g>
         
        <g
          fill=""
          style="transform-origin: 50% 50%; transition: all 0.5s; transform: scale(0.6);"
        >
          <circle
            cx="32"
            cy="32"
            r="32"
          />
        </g>
      </svg>
      <svg
        class="icon red"
        style="transform: rotate(180deg); fill: currentColor; stroke: currentColor; user-select: none;"
        viewBox="0 0 64 64"
        xmlns="http://www.w3.org/2000/svg"
        xmlns:xlink="http://www.w3.org/1999/xlink"
      >
        <g
          fill=""
        >
          <rect
            height="64"
            rx="6"
            ry="6"
            width="64"
            x="0"
            y="0"
          />
        </g>
         
        <g
          fill="white"
          style="transform-origin: 50% 50%; transition: all 0.5s; transform: scale(0.6);"
        >
          <rect
            height="64"
            rx="6"
            ry="6"
            width="64"
            x="0"
            y="0"
          />
        </g>
      </svg>
      <svg
        class="icon green"
        style="transform: rotate(0); fill: currentColor; stroke: currentColor; user-select: none;"
        viewBox="0 0 64 64"
        xmlns="http://www.w3.org/2000/svg"
        xmlns:xlink="http://www.w3.org/1999/xlink"
      >
        <g
          fill="white"
        >
          <rect
            height="64"
            rx="6"
            ry="6"
            width="64"
            x="0"
            y="0"
          />
        </g>
         
        <g
          fill=""
          style="transform-origin: 50% 50%; transition: all 0.5s; transform: scale(0.6);"
        >
          <rect
            height="64"
            rx="6"
            ry="6"
            width="64"
            x="0"
            y="0"
          />
        </g>
      </svg>
      <svg
        class="icon green"
        style="transform: rotate(-45deg); fill: currentColor; stroke: currentColor; user-select: none;"
        viewBox="0 0 64 64"
        xmlns="http://www.w3.org/2000/svg"
        xmlns:xlink="http://www.w3.org/1999/xlink"
      >
        <g
          fill=""
        >
          <rect
            height="64"
            rx="6"
            ry="6"
            width="64"
            x="0"
            y="0"
          />
        </g>
         
        <g
          fill="white"
          style="transform-origin: 50% 50%; transition: all 0.5s; transform: scale(0.6);"
        >
          <rect
            height="64"
            rx="6"
            ry="6"
            width="64"
            x="0"
            y="0"
          />
        </g>
      </svg>
    </div>
  </section>
   
  <section>
    <h2>
      PlayPauseIcon
    </h2>
     
    <div>
      <svg
        class="icon"
        style="transform: rotate(0); fill: currentColor; stroke: currentColor; user-select: none;"
        viewBox="0 0 64 64"
        xmlns="http://www.w3.org/2000/svg"
        xmlns:xlink="http://www.w3.org/1999/xlink"
      >
        <g
          fill="white"
        >
          <circle
            cx="32"
            cy="32"
            r="32"
          />
        </g>
         
        <g
          fill=""
          stroke=""
          stroke-linecap="round"
        >
          <path
            d="M 20 18 28 18 28 46 20 46z"
            style="transform-origin: 50% 50%; transition: all 0.5s; transform: scaleY(0);"
          />
           
          <path
            d="M 36 18 44 18 44 46 36 46z"
            style="transform-origin: 50% 50%; transition: all 0.5s; transform: scaleY(0);"
          />
           
          <path
            d="M 20 17 46 32 20 47z"
            stroke-linejoin="round"
            style="transform-origin: 20px 50%; transition: all 0.5s;"
          />
        </g>
      </svg>
      <svg
        class="icon"
        style="transform: rotate(45deg); fill: currentColor; stroke: currentColor; user-select: none;"
        viewBox="0 0 64 64"
        xmlns="http://www.w3.org/2000/svg"
        xmlns:xlink="http://www.w3.org/1999/xlink"
      >
        <g
          fill=""
        >
          <circle
            cx="32"
            cy="32"
            r="32"
          />
        </g>
         
        <g
          fill="white"
          stroke="white"
          stroke-linecap="round"
        >
          <path
            d="M 20 18 28 18 28 46 20 46z"
            style="transform-origin: 50% 50%; transition: all 1s; transform: scaleY(0);"
          />
           
          <path
            d="M 36 18 44 18 44 46 36 46z"
            style="transform-origin: 50% 50%; transition: all 1s; transform: scaleY(0);"
          />
           
          <path
            d="M 20 17 46 32 20 47z"
            stroke-linejoin="round"
            style="transform-origin: 20px 50%; transition: all 1s;"
          />
        </g>
      </svg>
      <svg
        class="icon red"
        style="transform: rotate(180deg); fill: currentColor; stroke: currentColor; user-select: none;"
        viewBox="0 0 64 64"
        xmlns="http://www.w3.org/2000/svg"
        xmlns:xlink="http://www.w3.org/1999/xlink"
      >
        <g
          fill="white"
        >
          <circle
            cx="32"
            cy="32"
            r="32"
          />
        </g>
         
        <g
          fill=""
          stroke=""
          stroke-linecap="round"
        >
          <path
            d="M 20 18 28 18 28 46 20 46z"
            style="transform-origin: 50% 50%; transition: all 0.5s; transform: scaleY(0);"
          />
           
          <path
            d="M 36 18 44 18 44 46 36 46z"
            style="transform-origin: 50% 50%; transition: all 0.5s; transform: scaleY(0);"
          />
           
          <path
            d="M 20 17 46 32 20 47z"
            stroke-linejoin="round"
            style="transform-origin: 20px 50%; transition: all 0.5s;"
          />
        </g>
      </svg>
      <svg
        class="icon red"
        style="transform: rotate(180deg); fill: currentColor; stroke: currentColor; user-select: none;"
        viewBox="0 0 64 64"
        xmlns="http://www.w3.org/2000/svg"
        xmlns:xlink="http://www.w3.org/1999/xlink"
      >
        <g
          fill=""
        >
          <rect
            height="64"
            rx="6"
            ry="6"
            width="64"
            x="0"
            y="0"
          />
        </g>
         
        <g
          fill="white"
          stroke="white"
          stroke-linecap="round"
        >
          <path
            d="M 20 18 28 18 28 46 20 46z"
            style="transform-origin: 50% 50%; transition: all 0.5s; transform: scaleY(0);"
          />
           
          <path
            d="M 36 18 44 18 44 46 36 46z"
            style="transform-origin: 50% 50%; transition: all 0.5s; transform: scaleY(0);"
          />
           
          <path
            d="M 20 17 46 32 20 47z"
            stroke-linejoin="round"
            style="transform-origin: 20px 50%; transition: all 0.5s;"
          />
        </g>
      </svg>
      <svg
        class="icon green"
        style="transform: rotate(0); fill: currentColor; stroke: currentColor; user-select: none;"
        viewBox="0 0 64 64"
        xmlns="http://www.w3.org/2000/svg"
        xmlns:xlink="http://www.w3.org/1999/xlink"
      >
        <g
          fill="white"
        >
          <rect
            height="64"
            rx="6"
            ry="6"
            width="64"
            x="0"
            y="0"
          />
        </g>
         
        <g
          fill=""
          stroke=""
          stroke-linecap="round"
        >
          <path
            d="M 20 18 28 18 28 46 20 46z"
            style="transform-origin: 50% 50%; transition: all 0.5s; transform: scaleY(0);"
          />
           
          <path
            d="M 36 18 44 18 44 46 36 46z"
            style="transform-origin: 50% 50%; transition: all 0.5s; transform: scaleY(0);"
          />
           
          <path
            d="M 20 17 46 32 20 47z"
            stroke-linejoin="round"
            style="transform-origin: 20px 50%; transition: all 0.5s;"
          />
        </g>
      </svg>
      <svg
        class="icon green"
        style="transform: rotate(-45deg); fill: currentColor; stroke: currentColor; user-select: none;"
        viewBox="0 0 64 64"
        xmlns="http://www.w3.org/2000/svg"
        xmlns:xlink="http://www.w3.org/1999/xlink"
      >
        <g
          fill=""
        >
          <rect
            height="64"
            rx="6"
            ry="6"
            width="64"
            x="0"
            y="0"
          />
        </g>
         
        <g
          fill="white"
          stroke="white"
          stroke-linecap="round"
        >
          <path
            d="M 20 18 28 18 28 46 20 46z"
            style="transform-origin: 50% 50%; transition: all 0.5s; transform: scaleY(0);"
          />
           
          <path
            d="M 36 18 44 18 44 46 36 46z"
            style="transform-origin: 50% 50%; transition: all 0.5s; transform: scaleY(0);"
          />
           
          <path
            d="M 20 17 46 32 20 47z"
            stroke-linejoin="round"
            style="transform-origin: 20px 50%; transition: all 0.5s;"
          />
        </g>
      </svg>
    </div>
  </section>
   
  <section>
    <h2>
      LockIcon
    </h2>
     
    <div>
      <svg
        class="icon"
        style="transform: rotate(0); fill: currentColor; stroke: currentColor; user-select: none;"
        viewBox="0 0 64 64"
        xmlns="http://www.w3.org/2000/svg"
        xmlns:xlink="http://www.w3.org/1999/xlink"
      >
        <g
          fill="white"
        >
          <circle
            cx="32"
            cy="32"
            r="32"
          />
        </g>
         
        <g
          stroke-linecap="round"
        >
          <path
            d="M 26 44 l 0 -20 q 0 -6 4 -6 l 4 0 q 4 0 4 4 l 0 6"
            fill="none"
            stroke=""
            stroke-width="4"
            style="transition: all 0.5s; transform-origin: 26px 50%; transform: translateY(-4px) scaleX(-1);"
          />
           
          <rect
            fill=""
            height="24"
            rx="4"
            ry="4"
            stroke="none"
            width="24"
            x="20"
            y="28"
          />
           
          <g
            fill="white"
            stroke="none"
          >
            <circle
              cx="32"
              cy="37"
              r="3"
            />
             
            <rect
              height="12"
              rx="3"
              ry="3"
              width="2"
              x="31"
              y="34"
            />
          </g>
        </g>
      </svg>
      <svg
        class="icon"
        style="transform: rotate(45deg); fill: currentColor; stroke: currentColor; user-select: none;"
        viewBox="0 0 64 64"
        xmlns="http://www.w3.org/2000/svg"
        xmlns:xlink="http://www.w3.org/1999/xlink"
      >
        <g
          fill=""
        >
          <circle
            cx="32"
            cy="32"
            r="32"
          />
        </g>
         
        <g
          stroke-linecap="round"
        >
          <path
            d="M 26 44 l 0 -20 q 0 -6 4 -6 l 4 0 q 4 0 4 4 l 0 6"
            fill="none"
            stroke="white"
            stroke-width="4"
            style="transition: all 1s; transform-origin: 26px 50%; transform: translateY(-4px) scaleX(-1);"
          />
           
          <rect
            fill="white"
            height="24"
            rx="4"
            ry="4"
            stroke="none"
            width="24"
            x="20"
            y="28"
          />
           
          <g
            fill=""
            stroke="none"
          >
            <circle
              cx="32"
              cy="37"
              r="3"
            />
             
            <rect
              height="12"
              rx="3"
              ry="3"
              width="2"
              x="31"
              y="34"
            />
          </g>
        </g>
      </svg>
      <svg
        class="icon red"
        style="transform: rotate(180deg); fill: currentColor; stroke: currentColor; user-select: none;"
        viewBox="0 0 64 64"
        xmlns="http://www.w3.org/2000/svg"
        xmlns:xlink="http://www.w3.org/1999/xlink"
      >
        <g
          fill="white"
        >
          <circle
            cx="32"
            cy="32"
            r="32"
          />
        </g>
         
        <g
          stroke-linecap="round"
        >
          <path
            d="M 26 44 l 0 -20 q 0 -6 4 -6 l 4 0 q 4 0 4 4 l 0 6"
            fill="none"
            stroke=""
            stroke-width="4"
            style="transition: all 0.5s; transform-origin: 26px 50%; transform: translateY(-4px) scaleX(-1);"
          />
           
          <rect
            fill=""
            height="24"
            rx="4"
            ry="4"
            stroke="none"
            width="24"
            x="20"
            y="28"
          />
           
          <g
            fill="white"
            stroke="none"
          >
            <circle
              cx="32"
              cy="37"
              r="3"
            />
             
            <rect
              height="12"
              rx="3"
              ry="3"
              width="2"
              x="31"
              y="34"
            />
          </g>
        </g>
      </svg>
      <svg
        class="icon red"
        style="transform: rotate(180deg); fill: currentColor; stroke: currentColor; user-select: none;"
        viewBox="0 0 64 64"
        xmlns="http://www.w3.org/2000/svg"
        xmlns:xlink="http://www.w3.org/1999/xlink"
      >
        <g
          fill=""
        >
          <rect
            height="64"
            rx="6"
            ry="6"
            width="64"
            x="0"
            y="0"
          />
        </g>
         
        <g
          stroke-linecap="round"
        >
          <path
            d="M 26 44 l 0 -20 q 0 -6 4 -6 l 4 0 q 4 0 4 4 l 0 6"
            fill="none"
            stroke="white"
            stroke-width="4"
            style="transition: all 0.5s; transform-origin: 26px 50%; transform: translateY(-4px) scaleX(-1);"
          />
           
          <rect
            fill="white"
            height="24"
            rx="4"
            ry="4"
            stroke="none"
            width="24"
            x="20"
            y="28"
          />
           
          <g
            fill=""
            stroke="none"
          >
            <circle
              cx="32"
              cy="37"
              r="3"
            />
             
            <rect
              height="12"
              rx="3"
              ry="3"
              width="2"
              x="31"
              y="34"
            />
          </g>
        </g>
      </svg>
      <svg
        class="icon green"
        style="transform: rotate(0); fill: currentColor; stroke: currentColor; user-select: none;"
        viewBox="0 0 64 64"
        xmlns="http://www.w3.org/2000/svg"
        xmlns:xlink="http://www.w3.org/1999/xlink"
      >
        <g
          fill="white"
        >
          <rect
            height="64"
            rx="6"
            ry="6"
            width="64"
            x="0"
            y="0"
          />
        </g>
         
        <g
          stroke-linecap="round"
        >
          <path
            d="M 26 44 l 0 -20 q 0 -6 4 -6 l 4 0 q 4 0 4 4 l 0 6"
            fill="none"
            stroke=""
            stroke-width="4"
            style="transition: all 0.5s; transform-origin: 26px 50%; transform: translateY(-4px) scaleX(-1);"
          />
           
          <rect
            fill=""
            height="24"
            rx="4"
            ry="4"
            stroke="none"
            width="24"
            x="20"
            y="28"
          />
           
          <g
            fill="white"
            stroke="none"
          >
            <circle
              cx="32"
              cy="37"
              r="3"
            />
             
            <rect
              height="12"
              rx="3"
              ry="3"
              width="2"
              x="31"
              y="34"
            />
          </g>
        </g>
      </svg>
      <svg
        class="icon green"
        style="transform: rotate(-45deg); fill: currentColor; stroke: currentColor; user-select: none;"
        viewBox="0 0 64 64"
        xmlns="http://www.w3.org/2000/svg"
        xmlns:xlink="http://www.w3.org/1999/xlink"
      >
        <g
          fill=""
        >
          <rect
            height="64"
            rx="6"
            ry="6"
            width="64"
            x="0"
            y="0"
          />
        </g>
         
        <g
          stroke-linecap="round"
        >
          <path
            d="M 26 44 l 0 -20 q 0 -6 4 -6 l 4 0 q 4 0 4 4 l 0 6"
            fill="none"
            stroke="white"
            stroke-width="4"
            style="transition: all 0.5s; transform-origin: 26px 50%; transform: translateY(-4px) scaleX(-1);"
          />
           
          <rect
            fill="white"
            height="24"
            rx="4"
            ry="4"
            stroke="none"
            width="24"
            x="20"
            y="28"
          />
           
          <g
            fill=""
            stroke="none"
          >
            <circle
              cx="32"
              cy="37"
              r="3"
            />
             
            <rect
              height="12"
              rx="3"
              ry="3"
              width="2"
              x="31"
              y="34"
            />
          </g>
        </g>
      </svg>
    </div>
  </section>
</div>
`;
